cargo :    Compiling rust-file-backend v0.1.0-beta.6 
(D:\projects\rust-file-backend\api)
At line:1 char:1
+ cargo build > build_output.txt 2>&1
+ ~~~~~~~~~~~~~~~~~~~~~~~~~~~~~~~~~~~
    + CategoryInfo          : NotSpecified: (   Compiling ru...le 
   -backend\api):String) [], RemoteException
    + FullyQualifiedErrorId : NativeCommandError
 
error: linking with `x86_64-w64-mingw32-gcc` failed: exit code: 1
  |
  = note: "x86_64-w64-mingw32-gcc" "-fno-use-linker-plugin" 
"-Wl,--dynamicbase" "-Wl,--disable-auto-image-base" "-m64" 
"-Wl,--high-entropy-va" "<sysroot>\\lib\\rustlib\\x86_64-pc-window
s-gnu\\lib\\self-contained\\crt2.o" "C:\\Users\\HY3-UB~1\\AppData\
\Local\\Temp\\rustcm3z84h\\symbols.o" "<257 object files 
omitted>" "-Wl,-Bstatic" "D:\\projects\\rust-file-backend\\api\\ta
rget\\debug\\deps/{libtracing_subscriber-16918e3fa765b7e6,libshard
ed_slab-e27b866766cb5787,libmatchers-e94497741640b9e7,libnu_ansi_t
erm-f35f466964cc87be,libthread_local-eaef3b4c0c278712,libtracing_l
og-8b781a05904f21ae,librust_file_backend-2c1bb00cc0bea518,liblopdf
-24479a2a6acaaf9e,libttf_parser-713c134791cf7d99,libecb-a35962f5cb
393c1d,libcbc-0d099eb9680fc962,libnom_locate-3e2e2987a8d98b00,libb
ytecount-406617245f2b9047,libnom-50da05a2c57c19f5,librayon-bdad11c
ffea6a106,librayon_core-80d9fc9d5ab27c2f,libcrossbeam_deque-b83f6c
e846534956,libcrossbeam_epoch-ccc8128b6b401175,librangemap-2604f3b
4d02e6e6c,libjiff-a63e2d02644e82ba,libjiff_tzdb_platform-6db441cdb
9dba227,libjiff_tzdb-fedc72771e8c32bd,librand-d3968c203a360acf,lib
rand_chacha-e04ef1adca65f720,librand_core-1312a7fade7d5bec,libaes-
3c581223a93636d9,libcipher-4c8d87ca2f4def1c,libinout-2d0e5d04daa33
ab0,libblock_padding-947fba6238424377,libexif-8c8e3d0fb1a65d36,lib
mutate_once-af6f7b8eabbf3169,libimage-7fd998003f9fc7d9,libbytemuck
-d698be4868382400,libpng-3a8d39b8931faeaa,libbitflags-e98ee5bc2ebc
8223,libfdeflate-79d9eaebf981cf2f,libjpeg_decoder-fa9bcde26f491646
,libgif-a6e1df8ff34cd0e6,libcolor_quant-52205aa40019bbe0,libweezl-
c250ff182a1866b3,libinfer-69017d87b57c8ef5,libcfb-5bdc35719e46a936
,libaws_config-6d76ada2674977bc,libaws_sdk_sts-d20afd83e083a089,li
baws_smithy_query-a20c2c0c4f13dcee,liburlencoding-aa164bcbc28871ec
,libtar-edf069cd13185626,libunrar-e9a0d07571895246,libwidestring-3
64a6f71ee19b1f3,libunrar_sys-f3eae0050b0760f2}.rlib" "-lstdc++" "D
:\\projects\\rust-file-backend\\api\\target\\debug\\deps/{libwinap
i-5bc1c53b43f2b22a,liblibc-fe762d5aead6417e,libsevenz_rust-5f90e35
faa898bc7,liblzma_rust-5ca4c4c60c628bac,libnt_time-acb1bf86b3a5ba8
d,libbit_set-6b34a2410adf83cc,libbit_vec-70c9201ca73e456a,libfilet
ime_creation-4434e2b28661b9f2,libfiletime-96b5a2c47c04d963,libutoi
pa_swagger_ui-1a1b92234450dbe7,libmime_guess-88cd67cd6f50d848,libu
nicase-b5a9718c3b6105d0,librust_embed-72723dea8ef3a606,librust_emb
ed_utils-3a03d344ebfcc427,libwalkdir-6e6cd4afe5dd12bc,libsame_file
-d72603b1d5ba2544,libwinapi_util-7b4e601be1df8c8d,libtower_http-a6
50ff0ef1a44b45,libdashmap-451f1bc49dae49d2,libhashbrown-a2934988d8
67a593,libjsonwebtoken-ceea520f052689bb,libpem-0a100ca2acd0ef01,li
bsimple_asn1-ba1bc34964ca2cdd,libxxhash_rust-4cffeffe7809556e,liba
nyhow-2e39e35f15223fb5,libzip-99d7b9dad37e3509,libquick_xml-40f511
193d948fa9,liblofty-1ce117c1ed196427,libflate2-5b999af55baacdb2,li
bminiz_oxide-de554b1c4c1a354b,libsimd_adler32-8a0bb5dab615c0fb,lib
data_encoding-f655ba265e80751d,libogg_pager-65c6354a0ac23999,libaw
s_sdk_s3-03214d0170c6a24b,libregex_lite-25b6dc150e7165de,libaws_sm
ithy_json-ac2a19ee98cb8998,liblru-b628a9a008cae4b6,libaws_smithy_x
ml-58c18974163dc222,libxmlparser-2d1da8e615de9729,libaws_smithy_ch
ecksums-c8e5ff37ad3775d1,libcrc_fast-6bcba716d0e714e7,libsha1-86ae
d30bf7c97716,libaws_runtime-e833f22a68f8855a,libaws_sigv4-0b5cd68a
7a24cecf,libaws_smithy_http-749f37e9daed4d54,libaws_smithy_eventst
ream-03e0a39490754477,libcrc32fast-f123fc669294d6a4,libaws_types-b
3e4253f041b9814,libaws_credential_types-a4bb72738dc48ffb,libaws_sm
ithy_runtime-fb6a5c8410b990c8,libfastrand-15c5b1000a3c7fec,libaws_
smithy_observability-344a0c1e8f01d90e,libaws_smithy_http_client-bd
f83a9937fa4d51,librustls_native_certs-eab6280e4459e284,libschannel
-50671437284b0629,libhyper_rustls-36b1bb115a6047aa,libtokio_rustls
-15d628c0f516fb0a,librustls-f498cb19140b52ea,libsct-e671265916c430
33,libwebpki-2cd2c810afd51a4c,libhyper-48ed9ba68a25fc73,libsocket2
-f14a78c327f5eb06,libwindows_sys-48ed6d7f0fa943f5,libwindows_targe
ts-f6b5c556eee68119,libh2-0ab2b58796377b01,libaws_smithy_runtime_a
pi-f696b680eb7b11f6,libaws_smithy_async-fcb6ef7f06273d24,libaws_sm
ithy_types-bc548fd2c32813be,libbytes_utils-b3599f592112cf58,libhtt
p_body-175c3c6c2f4ee591,libhttp-e87e0f2e26a3547f,libfnv-39220ce179
0f5f1a,libbase64_simd-37bf96acedc88155,liboutref-a1cd98c1ca968050,
libvsimd-662cd2da3098152d,libtokio_util-9f71cc2a4f921c22,libfuture
s-ad06dedfc61d08a1,libvalidator-f2aa3854451ecd50,libregex-f61cc708
69f270d1,libregex_automata-45636ea29198ddaa,libaho_corasick-9a2a30
77b42a8c3b,libregex_syntax-c526a6d5fda22356,libutoipa-324edda8bd68
bcdb,libsea_orm-09f12ba0928bb0e9,libderive_more-e0103828bdbd1a15,l
ibouroboros-0b08ffff44554667,libstatic_assertions-a252b13df45fbd96
,libaliasable-6f1be1b967dd281d,libasync_stream-f0618aae31d3ba5e,li
bstrum-b272ffde1d3299a3,libsea_query_binder-0b0f5d223ef59e48,libse
a_query-eb7e38ad862326fd,libordered_float-326c6dc373f86840,libsqlx
-f549f4e9f583be13,libsqlx_sqlite-e627ef004d2c2b87,libfutures_execu
tor-17da643b145c366f,libflume-bbdfd72e83485d70,libfutures_intrusiv
e-2db908f9a5c091af,liblibsqlite3_sys-700a33a24193e7e6,libsqlx_post
gres-f38eec117f742218,libcrc-a827a60467fe3338,libcrc_catalog-171bd
3bf30c7c70a,libhex-922f4d8a1a08289f,libwhoami-a12afe3f8f557791,lib
etcetera-a2b9c3a4955d065b,libhome-f411a565e1c16b91,libmd5-48f02550
307a0b3c,libbyteorder-05cd79f90bdc449e,libatoi-fae171d114541cc3,li
bstringprep-796f987da9df569b,libunicode_properties-732f67441be5712
a,libunicode_normalization-43f064bef8f50c65,libtinyvec-6c780aa6d64
b4e4f,libtinyvec_macros-ea21950eafbb3e5c,libunicode_bidi-22063ee04
904e4be,libsqlx_core-00d1e933f66a9e03,libwebpki_roots-75def12256ca
4fc2,libindexmap-53e98e0b21706268,libhashbrown-18a299e307b6fa66,li
bhashlink-dd39455d7cd7995a,libhashbrown-84b108f69cb87cca,libfoldha
sh-185522f7aaafa9dd,libequivalent-eff4da939e485ee4,liballocator_ap
i2-bbece735431a2f5a,librust_decimal-f47b1d027d897995,libarrayvec-8
55a2763222269b2,libbigdecimal-7849e250b27f177e,libnum_bigint-835a7
d6c8f2e7556,libtime-c7ae1a9c19e4ef2d,libtime_core-d5ae72d34d12407b
,libnum_conv-f1f09a0724d1b7a2,libderanged-22c904424e2967c7,libpowe
rfmt-969477e42201c589,libuuid-53e02136009381f6,libgetrandom-9c81fb
18021c74b5,libcrossbeam_queue-bfd2d9fa1981d312,libcrossbeam_utils-
dbb0705e260a42ab,libevent_listener-ca716831f46995a2,libparking-24c
5525a70926060,libopenidconnect-b925bc7d0932a2f4,libserde_plain-b38
6993c427038bf,libp384-be5f6f15cbbae7a9,libitertools-be83c71c784497
21,libeither-f0ad0db2d01d51a6,libdyn_clone-f030e6a0f56bcdc0,libser
de_value-04a3affc67d8309e,libordered_float-fc2b34afdda19cde,libser
de_with-3b75c4e4ec88f1d2,librsa-f3792c40b9fcdc29,libpkcs1-7aca37c7
d614828c,libnum_bigint_dig-8b4b6a1a80c40b67,liblibm-f2fe643b3f7cc6
62,libnum_iter-4559d7404eff84be,libnum_integer-246813f4da1e7411,li
blazy_static-0fc688b911e6e8c3,libed25519_dalek-bb768a7de2e669bd,li
bcurve25519_dalek-0872d4a82aff6242,libed25519-9f1d9dd6d4cb9602,lib
p256-d197e1d5ff13874b,libecdsa-8d55f86ae0d80bbb,librfc6979-bc29caf
703e4d809,libsignature-99d151b532b1abf5,libprimeorder-5b6f8f1ea106
5f1c,libelliptic_curve-2709b1f46a2224b5,libsec1-c852248faa6616b6,l
ibpkcs8-4ec8f45a76497420,libspki-fc0ae1e65e79d5fe,libder-216903ebf
6f2bdc0,libpem_rfc7468-9b5f97a72bee9ba3,libhkdf-563345aaefbb23e8,l
ibhmac-ec381847a5b48f63,libcrypto_bigint-bd026981f5173c31,libbase1
6ct-9b6366090e364107,libgroup-75eb0936a76df080,libff-6c129f323a420
906,liboauth2-8db639a3f7627957,libthiserror-c8ce9a9c2963b65e,libre
qwest-5f00c9b6d3b934d7,libhyper_rustls-88adcff223b464ac,libwebpki_
roots-093e145a5c22721c,libtokio_rustls-a903dce1b18c7942,librustls-
74990637d8797b4c,libwebpki-79952d3b6725bbf4,libring-66bb46f14244ca
80,libuntrusted-b5606b235351efee,librustls_pki_types-88c918a0e3f79
ea1,libtower_http-112a02b391911232,libbitflags-bced8a8dafb7ee45,li
biri_string-ca9544a4053670c7,libsha2-313602c4df786270,librand-d63e
91f889f851e9,librand_chacha-42d81479502d7696,libppv_lite86-50f7385
ae8d388bf,libzerocopy-633de4d7ed5189cf,libchrono-5cda10e3f45fac89,
libnum_traits-a590931599dbf893,liburl-85087cb1591cbb9c,libidna-e9b
fb8c1e3175bea,libutf8_iter-b65416d831e81aa7,libidna_adapter-d39b19
5e8dbb2bef,libicu_properties-8c4681c039d4e0d0,libicu_properties_da
ta-82d7a343733d0ef3,libicu_normalizer-9492f8962710a30c,libicu_norm
alizer_data-653eb5a7eb1a3e55,libicu_collections-5554797c4b0036ab,l
ibpotential_utf-088be4bce3752a62,libicu_provider-7f0d831c15ec256d,
libicu_locale_core-3460f6fe11295374,libtinystr-fadff8bfe48776b6,li
blitemap-ef596c9cb75b85fe,libwriteable-84ce4a09d0dc2dab,libzerovec
-e6319909dfd89c68,libzerotrie-907916bd2dc48b77,libyoke-ca52c76e9dd
3e223,libstable_deref_trait-97a2c79bec4f0e87,libzerofrom-8fd1d759c
a263971,libbase64-f4f2c78a0a9a870c,libargon2-496c0743f24300a3,libc
pufeatures-e959d2a8ac5de311,libblake2-9a6d575478f50d60,libdigest-a
7100cafa3a846a6,libconst_oid-acad6f6337c2526d,libblock_buffer-6c25
e530fa4a37d6,libcrypto_common-36046e924e80364a,libgeneric_array-fd
92ba47cd7277fa,libtypenum-781dc22429be5a5c,libzeroize-7b4a1ebc1df3
3909,libpassword_hash-9ac872bdcede033e,libsubtle-64cf20971b6552f7,
libbase64ct-dbbce2be29aa1918,librand_core-0a9efd36f92d4a4f,libgetr
andom-a104a3bffd96dd8f,libthiserror-58951a56c20ae39c,libaxum-d67ef
2fc99571d0d,libmulter-546efee220eb2a8d,libspin-d8e3b8afee104eca,li
bencoding_rs-94ac0012ef09644a,libserde_path_to_error-599cad0bd8fbf
2ff,libserde_json-cbee19552aafc0a5,libzmij-0787a5fd1f1e602d,libser
de_urlencoded-a69b3aab7af4f217,libryu-7b6bef7385fa1687,libform_url
encoded-8c49ea0ff1bf054f,libhyper_util-5e065ecb9c75a9dc,libbase64-
0c33b7f8e43e2f83,libpercent_encoding-6441f005b4c7dce3,libipnet-9a8
989eff0badef7,libhyper-1885aaf812fc4082,libwant-e623d6e0d5396dc7,l
ibtry_lock-864c28cbaacb6fdf,libhttparse-2e2a1fb3ee6605c8,libatomic
_waker-902102bff3e98942,libhttpdate-df2af26bbab23121,libmatchit-87
9efc364c86d47e,libaxum_core-9d873c9e45b2aac7,libmime-9a763021bb195
1f3,libhttp_body_util-6618e09ac2a69a29,libhttp_body-688c10780fd4c1
92,libhttp-d20c4e89eb8dcf7d,libitoa-f6794e3aaab78394,libtracing-31
1cffb38da609c0,liblog-37c85676c5d685c9,libtracing_core-4ade94ad1f1
5960a,libonce_cell-c636c066c95e7ae6,libtower-9d5987782089c880,libs
ync_wrapper-11435ff3a80d3ef5,libfutures_util-010ffcd4821c0bca,libm
emchr-1041412cb87d1de2,libfutures_io-9e65460bdfd493e6,libslab-b05d
135f060da9f1,libfutures_channel-5578ba32d374585f,libfutures_sink-5
27ca5762130c2f8,libfutures_task-4dabfdfb8b99076c,libpin_utils-7e27
360d0b2513ce,libfutures_core-f295c7b18574c142,libtower_layer-b4085
d6177ed9d20,libtower_service-3657f8bc574d88ec,libtokio-537f39507af
736f6,libsocket2-5a64f64787c6569c,libwindows_sys-a074de17be37fe1e,
libwindows_targets-71e1faac36c7b6bc,libbytes-f50cf19605aa63cf,libm
io-9efbaa04025089b0,libparking_lot-14a981bd39ac30bd,libparking_lot
_core-e4eed76fe183da94,libcfg_if-5ac0441a513fd19f,libsmallvec-e20f
41f9afb6d5c4,libserde-54a19846d9eb90ce,libserde_core-062f86a390e83
4cb,liblock_api-38074e8fcde75f93,libscopeguard-29986945f383f979,li
bpin_project_lite-ac7526482c568fad,libdotenvy-d9520c56e0a318d5,lib
clap-9e7f532c708655aa,libclap_builder-c2cbcb85f9ca06dd,libstrsim-f
56bf2f4ff8c6c28,libanstream-e33d8da002e8cc8c,libanstyle_query-aacc
6911879f6084,libis_terminal_polyfill-7e1de5eb993c851d,libanstyle_w
incon-86b3ddcfe815561b,libonce_cell_polyfill-87303923b7a15670,libw
indows_sys-e4de50f0cd66ffbe,libwindows_link-503c3df93adf0c46,libco
lorchoice-21447d4612773ad9,libanstyle_parse-c03049dcf1ce8caa,libut
f8parse-85d2be576e6ce2a0,libclap_lex-fa86ac8cb453f882,libanstyle-c
ee05226744f5ec0}.rlib" "<sysroot>\\lib\\rustlib\\x86_64-pc-windows
-gnu\\lib/{libstd-*,libpanic_unwind-*,libobject-*,libmemchr-*,liba
ddr2line-*,libgimli-*,libcfg_if-*,libwindows_targets-*,librustc_de
mangle-*,libstd_detect-*,libhashbrown-*,librustc_std_workspace_all
oc-*,libminiz_oxide-*,libadler2-*,libunwind-*,liblibc-*,librustc_s
td_workspace_core-*,liballoc-*,libcore-*,libcompiler_builtins-*}.r
lib" "-Wl,-Bdynamic" "-lpowrprof" "-lshell32" "-lpthread" 
"-lwindows.0.52.0" "-lsecur32" "-ladvapi32" "-lkernel32" 
"-lbcrypt" "-ladvapi32" "-lwindows.0.53.0" "-lkernel32" 
"-lkernel32" "-lkernel32" "-lntdll" "-luserenv" "-lws2_32" 
"-ldbghelp" "-lgcc_eh" "-l:libpthread.a" "-lmsvcrt" "-lmingwex" 
"-lmingw32" "-lgcc" "-lmsvcrt" "-lmingwex" "-luser32" 
"-lkernel32" "-Wl,--nxcompat" "-nostartfiles" "-L" "D:\\projects\\
rust-file-backend\\api\\target\\debug\\build\\ring-51aad147ec0b391
f\\out" "-L" "D:\\projects\\rust-file-backend\\api\\target\\debug\
\build\\libsqlite3-sys-ed751845fe014f59\\out" "-L" "D:\\projects\\
rust-file-backend\\api\\target\\debug\\build\\unrar_sys-052ca0228c
72e6cc\\out" "-L" "C:\\Users\\HY3-UB-061\\.cargo\\registry\\src\\i
ndex.crates.io-1949cf8c6b5b557f\\windows_x86_64_gnu-0.53.1\\lib" 
"-L" "C:\\Users\\HY3-UB-061\\.cargo\\registry\\src\\index.crates.i
o-1949cf8c6b5b557f\\windows_x86_64_gnu-0.52.6\\lib" "-L" "C:\\User
s\\HY3-UB-061\\.cargo\\registry\\src\\index.crates.io-1949cf8c6b5b
557f\\windows_x86_64_gnu-0.48.5\\lib" "-L" "C:\\Users\\HY3-UB-061\
\.cargo\\registry\\src\\index.crates.io-1949cf8c6b5b557f\\winapi-x
86_64-pc-windows-gnu-0.4.0\\lib" "-L" "<sysroot>\\lib\\rustlib\\x8
6_64-pc-windows-gnu\\lib\\self-contained" "-o" "D:\\projects\\rust
-file-backend\\api\\target\\debug\\deps\\rust_file_backend-e3198cd
3ee5aa149.exe" "-Wl,--gc-sections" "-no-pie" "-nodefaultlibs" 
"-Wl,--allow-multiple-definition"
  = note: some arguments are omitted. use `--verbose` to show all 
linker arguments
  = note: ld: cannot find -lpowrprof: No such file or directoryΓÉì
          

error: could not compile `rust-file-backend` (bin 
"rust-file-backend") due to 1 previous error
